TAP version 13
# [PRODUCT_DATABASE] Validation found 102 warnings:
#   - Product 0 (Schlage L9080P Passage Mortise Lock): Price range missing $ on second value
#   - Product 1 (Schlage L9050 Entry/Office Mortise Lock): Price range missing $ on second value
#   - Product 2 (Schlage L9070 Classroom Mortise Lock): Price range missing $ on second value
#   - Product 3 (Schlage L9453 Electrified Mortise Lock): Price range missing $ on second value
#   - Product 4 (Schlage ND80PD Passage Cylindrical Lock): Price range missing $ on second value
#   - Product 5 (Schlage ND70PD Classroom Cylindrical Lock): Price range missing $ on second value
#   - Product 6 (Schlage ND96PD Storeroom Cylindrical Lock): Price range missing $ on second value
#   - Product 7 (LCN 4110 Series Surface Closer): Price range missing $ on second value
#   - Product 8 (LCN 4040XP Hold Open Arm Surface Closer): Price range missing $ on second value
#   - Product 9 (LCN 8310 Series Concealed Overhead Closer): Price range missing $ on second value
#   - Product 10 (LCN 8310ME Multi-Electrical Closer): Price range missing $ on second value
#   - Product 11 (Ives 5BB1 Full Mortise Ball Bearing Hinge): Price range missing $ on second value
#   - Product 12 (Ives 5BB1HD Heavy Duty Ball Bearing Hinge): Price range missing $ on second value
#   - Product 13 (Ives BB1279 Continuous Hinge): Price range missing $ on second value
#   - Product 14 (Ives 622 Door Stop): Price range missing $ on second value
#   - Product 15 (Ives 632 Overhead Stop): Price range missing $ on second value
#   - Product 16 (Von Duprin 98 Series Rim Exit Device): Price range missing $ on second value
#   - Product 17 (Von Duprin 99 Series Surface Vertical Rod): Price range missing $ on second value
#   - Product 18 (Von Duprin 33A/35A Concealed Vertical Rod): Price range missing $ on second value
#   - Product 19 (Pemko 170 Series Threshold): Price range missing $ on second value
#   - Product 20 (Pemko 411 Series Automatic Door Bottom): Price range missing $ on second value
#   - Product 21 (Pemko 2005 Series Perimeter Gasketing): Price range missing $ on second value
#   - Product 22 (Hager BB1279 Continuous Hinge): Price range missing $ on second value
#   - Product 23 (Hager BB1168 Ball Bearing Hinge): Price range missing $ on second value
#   - Product 24 (Rockwood 70A Push Plate): Price range missing $ on second value
#   - Product 25 (Rockwood 111 Push/Pull Plate): Price range missing $ on second value
#   - Product 26 (Don-Jo LP-207 Latch Protector): Price range missing $ on second value
#   - Product 27 (Don-Jo SP-206 Security Stud): Price range missing $ on second value
#   - Product 28 (HES 1006 Series Electric Strike): Price range missing $ on second value
#   - Product 29 (HES 5000 Series Heavy Duty Electric Strike): Price range missing $ on second value
#   - Product 30 (Yale 8700 Series Rim Exit Device): Price range missing $ on second value
#   - Product 31 (Yale 8800 Series Surface Vertical Rod): Price range missing $ on second value
#   - Product 32 (Norton 7500 Series Surface Closer): Price range missing $ on second value
#   - Product 33 (Norton 8301 Concealed Overhead Closer): Price range missing $ on second value
#   - Product 34 (Schlage ND40S Entrance/Office Cylindrical Lock): Price range missing $ on second value
#   - Product 35 (Schlage ND53PD Entry Cylindrical Lock): Price range missing $ on second value
#   - Product 36 (Schlage AL70PD Classroom Cylindrical Lock): Price range missing $ on second value
#   - Product 37 (Schlage AL80PD Passage Cylindrical Lock): Price range missing $ on second value
#   - Product 38 (Schlage CO250 Exit Trim): Price range missing $ on second value
#   - Product 39 (Schlage L9000 Series Mortise Lock): Price range missing $ on second value
#   - Product 40 (Schlage L9040 Entrance Mortise Lock): Price range missing $ on second value
#   - Product 41 (Dorma 8000 Series Surface Closer): Price range missing $ on second value
#   - Product 42 (Dorma RTS85 Overhead Concealed Closer): Price range missing $ on second value
#   - Product 43 (Dorma TS93 Cam-Action Closer): Price range missing $ on second value
#   - Product 44 (Stanley QDC200 Surface Closer): Price range missing $ on second value
#   - Product 45 (Stanley QDC300 Overhead Concealed Closer): Price range missing $ on second value
#   - Product 46 (Jackson 5200 Series Surface Closer): Price range missing $ on second value
#   - Product 47 (Von Duprin 88 Series Rim Exit Device): Price range missing $ on second value
#   - Product 48 (Von Duprin 9927 Narrow Stile Exit Device): Price range missing $ on second value
#   - Product 49 (Von Duprin 22 Series Mortise Exit Device): Price range missing $ on second value
#   - Product 50 (Von Duprin 6200 Series Electric Exit Device): Price range missing $ on second value
#   - Product 51 (Corbin Russwin ED5200 Rim Exit Device): Price range missing $ on second value
#   - Product 52 (Corbin Russwin ED5400 Mortise Exit Device): Price range missing $ on second value
#   - Product 53 (Rockwood BF150 Pull Handle): Price range missing $ on second value
#   - Product 54 (Rockwood BF158 Pull Handle): Price range missing $ on second value
#   - Product 55 (Rockwood RP4 Raised Push Plate): Price range missing $ on second value
#   - Product 56 (Rockwood 450 Kick Plate): Price range missing $ on second value
#   - Product 57 (Rockwood 620 Mop Plate): Price range missing $ on second value
#   - Product 58 (Trimco 1220 Series Pull Handle): Price range missing $ on second value
#   - Product 59 (Trimco 1522 Series Push/Pull Plate): Price range missing $ on second value
#   - Product 60 (Glynn-Johnson 100 Series Overhead Stop): Price range missing $ on second value
#   - Product 61 (Glynn-Johnson 90 Series Overhead Holder): Price range missing $ on second value
#   - Product 62 (Rixson 27 Overhead Stop): Price range missing $ on second value
#   - Product 63 (Rixson 370 Floor Closer): Price range missing $ on second value
#   - Product 64 (Rixson 10 Pivot Set): Price range missing $ on second value
#   - Product 65 (McKinney TA2714 Ball Bearing Hinge): Price range missing $ on second value
#   - Product 66 (McKinney T4A3786 Electric Hinge): Price range missing $ on second value
#   - Product 67 (Stanley FBB179 Ball Bearing Hinge): Price range missing $ on second value
#   - Product 68 (Stanley CEFBB179 Electric Hinge): Price range missing $ on second value
#   - Product 69 (Stanley CBBB179 Continuous Hinge): Price range missing $ on second value
#   - Product 70 (Bommer 3029 Single Acting Pivot): Price range missing $ on second value
#   - Product 71 (Bommer 7811 Double Acting Pivot): Price range missing $ on second value
#   - Product 72 (National Guard 175 Threshold): Price range missing $ on second value
#   - Product 73 (National Guard 693L Automatic Door Bottom): Price range missing $ on second value
#   - Product 74 (Zero 780 Automatic Door Bottom): Price range missing $ on second value
#   - Product 75 (Zero 1700 Series Perimeter Seal): Price range missing $ on second value
#   - Product 76 (HES 9600 Series Folger Adam Compatible Strike): Price range missing $ on second value
#   - Product 77 (HES 5000C Cylindrical Lock Strike): Price range missing $ on second value
#   - Product 78 (Adams Rite 7400 Series Electric Strike): Price range missing $ on second value
#   - Product 79 (Adams Rite 7110 Solenoid Lock): Price range missing $ on second value
#   - Product 80 (Securitron M62 Electromagnetic Lock): Price range missing $ on second value
#   - Product 81 (Securitron M32 Electromagnetic Lock): Price range missing $ on second value
#   - Product 82 (Alarm Controls 600 Mag Lock): Price range missing $ on second value
#   - Product 83 (Don-Jo CW-1510 Edge Wrap Protector): Price range missing $ on second value
#   - Product 84 (Don-Jo 90 Door Edge Guard): Price range missing $ on second value
#   - Product 85 (Don-Jo RP-1412 Remodeler Plate): Price range missing $ on second value
#   - Product 86 (Ives FB450 Flush Bolt): Price range missing $ on second value
#   - Product 87 (Ives FB458 Automatic Flush Bolt): Price range missing $ on second value
#   - Product 88 (Ives 436B Roller Latch): Price range missing $ on second value
#   - Product 89 (Ives 315 Sliding Door Latch): Price range missing $ on second value
#   - Product 90 (Ives 8400 Series Kick Plate): Price range missing $ on second value
#   - Product 91 (Rockwood 580 Automatic Flush Bolt): Price range missing $ on second value
#   - Product 92 (Rockwood 585 Manual Flush Bolt): Price range missing $ on second value
#   - Product 93 (Hager 1450 Series Pocket Door Frame): Price range missing $ on second value
#   - Product 94 (Hager 1550 Soft Close Pocket Frame): Price range missing $ on second value
#   - Product 95 (Johnson 1500 Pocket Door Frame): Price range missing $ on second value
#   - Product 96 (Johnson 2000 Series Sliding Door Track): Price range missing $ on second value
#   - Product 97 (Hafele Slido Classic 80-P Sliding System): Price range missing $ on second value
#   - Product 98 (Rixson C28 Door Coordinator): Price range missing $ on second value
#   - Product 99 (Glynn-Johnson 60 Series Coordinator): Price range missing $ on second value
#   - Product 100 (Von Duprin 996L Exit Trim): Price range missing $ on second value
#   - Product 101 (Von Duprin 998 Exit Trim with Lever): Price range missing $ on second value
# (node:3835) ExperimentalWarning: SQLite is an experimental feature and might change at any time
# (Use `node --trace-warnings ...` to show where the warning was created)
# Subtest: every table with the session's id, the sets' items, the R2 object and the KV copy go; another session stays
ok 1 - every table with the session's id, the sets' items, the R2 object and the KV copy go; another session stays
  ---
  duration_ms: 2.271875
  type: 'test'
  ...
# (node:3836) ExperimentalWarning: SQLite is an experimental feature and might change at any time
# (Use `node --trace-warnings ...` to show where the warning was created)
# Subtest: sheet A9.01: 10 doors, 8 hardware sets, 13 listed parts, each named in its set's own words
ok 2 - sheet A9.01: 10 doors, 8 hardware sets, 13 listed parts, each named in its set's own words
  ---
  duration_ms: 14.586584
  type: 'test'
  ...
# Subtest: a printed part reads as manufacturer, model and finish
ok 3 - a printed part reads as manufacturer, model and finish
  ---
  duration_ms: 0.183
  type: 'test'
  ...
# Subtest: a two-way printed set is refused, not silently merged
ok 4 - a two-way printed set is refused, not silently merged
  ---
  duration_ms: 0.284708
  type: 'test'
  ...
# Subtest: seeding twice leaves one set of rows
ok 5 - seeding twice leaves one set of rows
  ---
  duration_ms: 6.711875
  type: 'test'
  ...
# Subtest: a copy carries the doors, the 8 sets and their 13 parts, each door linked to its set
ok 6 - a copy carries the doors, the 8 sets and their 13 parts, each door linked to its set
  ---
  duration_ms: 8.422792
  type: 'test'
  ...
# Subtest: a guest's copy is attributed to the seed owner; nothing is written when the batch fails
ok 7 - a guest's copy is attributed to the seed owner; nothing is written when the batch fails
  ---
  duration_ms: 3.722792
  type: 'test'
  ...
# Subtest: a seed without sets still gives a copy one set per door group (no parts), as before
ok 8 - a seed without sets still gives a copy one set per door group (no parts), as before
  ---
  duration_ms: 2.157167
  type: 'test'
  ...
# Subtest: the route hands back a complete copy, and replaces one that is gone or has no parts
ok 9 - the route hands back a complete copy, and replaces one that is gone or has no parts
  ---
  duration_ms: 66.999208
  type: 'test'
  ...
# Subtest: a limited caller gets 429 with the wait, and nothing is written
ok 10 - a limited caller gets 429 with the wait, and nothing is written
  ---
  duration_ms: 2.890292
  type: 'test'
  ...
# Subtest: a guest's new copy counts toward its network (IPv6 by /64), an account's toward the account
ok 11 - a guest's new copy counts toward its network (IPv6 by /64), an account's toward the account
  ---
  duration_ms: 0.372375
  type: 'test'
  ...
# Subtest: the network limit counts an IPv6 visitor by /64
ok 12 - the network limit counts an IPv6 visitor by /64
  ---
  duration_ms: 0.140625
  type: 'test'
  ...
# (node:3837) ExperimentalWarning: SQLite is an experimental feature and might change at any time
# (Use `node --trace-warnings ...` to show where the warning was created)
# Subtest: an expired clone goes with its rows, its project and its package PDF
ok 13 - an expired clone goes with its rows, its project and its package PDF
  ---
  duration_ms: 8.9005
  type: 'test'
  ...
# Subtest: a copy stored with an ISO timestamp expires at 24 h, whatever the time of day
ok 14 - a copy stored with an ISO timestamp expires at 24 h, whatever the time of day
  ---
  duration_ms: 2.100416
  type: 'test'
  ...
# Subtest: door sizes in feet-inches are read, with or without the foot mark
ok 15 - door sizes in feet-inches are read, with or without the foot mark
  ---
  duration_ms: 2.232333
  type: 'test'
  ...
# Subtest: OCR misreads stay unread instead of becoming sizes no door has
ok 16 - OCR misreads stay unread instead of becoming sizes no door has
  ---
  duration_ms: 1.937833
  type: 'test'
  ...
# Subtest: plain inches count only when the row writes both dimensions that way
ok 17 - plain inches count only when the row writes both dimensions that way
  ---
  duration_ms: 0.06975
  type: 'test'
  ...
# Subtest: door thickness: the space lost in 1 3/4" is restored, impossible values are dropped
ok 18 - door thickness: the space lost in 1 3/4" is restored, impossible values are dropped
  ---
  duration_ms: 0.308958
  type: 'test'
  ...
# Subtest: a dimension with an unreduced or odd fraction is not a dimension
ok 19 - a dimension with an unreduced or odd fraction is not a dimension
  ---
  duration_ms: 0.076167
  type: 'test'
  ...
# Subtest: fire ratings: case, punctuation and the unit word normalised, the number kept as read
ok 20 - fire ratings: case, punctuation and the unit word normalised, the number kept as read
  ---
  duration_ms: 4.165125
  type: 'test'
  ...
# Subtest: door marks: a short code with a digit; section rows and noise are not doors
ok 21 - door marks: a short code with a digit; section rows and noise are not doors
  ---
  duration_ms: 0.197375
  type: 'test'
  ...
# {"doors":65,"pairs":6,"alternate_yes":["109.1","109.2","111.1","111.1.1","113.1","113.1.1","114.1","118.1","119.1","119.2","126.1","126.1.1","128.1.1","138.1","138.2","147.1.1","167.1.1","179.1.1"],"alternate_no":46,"spec":["08 71 00"]}
# Subtest: Rockford pricing fields survive the reader, persistence and CSV (including No and empty)
ok 22 - Rockford pricing fields survive the reader, persistence and CSV (including No and empty)
  ---
  duration_ms: 144.2335
  type: 'test'
  ...
# Subtest: A2.2 alone names the missing spec; reading 08 71 00 resolves all hardware groups
ok 23 - A2.2 alone names the missing spec; reading 08 71 00 resolves all hardware groups
  ---
  duration_ms: 243.233208
  type: 'test'
  ...
# Subtest: spec-section spellings normalize; unrelated specifications are not hardware references
ok 24 - spec-section spellings normalize; unrelated specifications are not hardware references
  ---
  duration_ms: 0.292958
  type: 'test'
  ...
# Subtest: packet door table and hardware pages print the same full hardware-group label
ok 25 - packet door table and hardware pages print the same full hardware-group label
  ---
  duration_ms: 10.103333
  type: 'test'
  ...
# [PRODUCT_DATABASE] Validation found 102 warnings:
#   - Product 0 (Schlage L9080P Passage Mortise Lock): Price range missing $ on second value
#   - Product 1 (Schlage L9050 Entry/Office Mortise Lock): Price range missing $ on second value
#   - Product 2 (Schlage L9070 Classroom Mortise Lock): Price range missing $ on second value
#   - Product 3 (Schlage L9453 Electrified Mortise Lock): Price range missing $ on second value
#   - Product 4 (Schlage ND80PD Passage Cylindrical Lock): Price range missing $ on second value
#   - Product 5 (Schlage ND70PD Classroom Cylindrical Lock): Price range missing $ on second value
#   - Product 6 (Schlage ND96PD Storeroom Cylindrical Lock): Price range missing $ on second value
#   - Product 7 (LCN 4110 Series Surface Closer): Price range missing $ on second value
#   - Product 8 (LCN 4040XP Hold Open Arm Surface Closer): Price range missing $ on second value
#   - Product 9 (LCN 8310 Series Concealed Overhead Closer): Price range missing $ on second value
#   - Product 10 (LCN 8310ME Multi-Electrical Closer): Price range missing $ on second value
#   - Product 11 (Ives 5BB1 Full Mortise Ball Bearing Hinge): Price range missing $ on second value
#   - Product 12 (Ives 5BB1HD Heavy Duty Ball Bearing Hinge): Price range missing $ on second value
#   - Product 13 (Ives BB1279 Continuous Hinge): Price range missing $ on second value
#   - Product 14 (Ives 622 Door Stop): Price range missing $ on second value
#   - Product 15 (Ives 632 Overhead Stop): Price range missing $ on second value
#   - Product 16 (Von Duprin 98 Series Rim Exit Device): Price range missing $ on second value
#   - Product 17 (Von Duprin 99 Series Surface Vertical Rod): Price range missing $ on second value
#   - Product 18 (Von Duprin 33A/35A Concealed Vertical Rod): Price range missing $ on second value
#   - Product 19 (Pemko 170 Series Threshold): Price range missing $ on second value
#   - Product 20 (Pemko 411 Series Automatic Door Bottom): Price range missing $ on second value
#   - Product 21 (Pemko 2005 Series Perimeter Gasketing): Price range missing $ on second value
#   - Product 22 (Hager BB1279 Continuous Hinge): Price range missing $ on second value
#   - Product 23 (Hager BB1168 Ball Bearing Hinge): Price range missing $ on second value
#   - Product 24 (Rockwood 70A Push Plate): Price range missing $ on second value
#   - Product 25 (Rockwood 111 Push/Pull Plate): Price range missing $ on second value
#   - Product 26 (Don-Jo LP-207 Latch Protector): Price range missing $ on second value
#   - Product 27 (Don-Jo SP-206 Security Stud): Price range missing $ on second value
#   - Product 28 (HES 1006 Series Electric Strike): Price range missing $ on second value
#   - Product 29 (HES 5000 Series Heavy Duty Electric Strike): Price range missing $ on second value
#   - Product 30 (Yale 8700 Series Rim Exit Device): Price range missing $ on second value
#   - Product 31 (Yale 8800 Series Surface Vertical Rod): Price range missing $ on second value
#   - Product 32 (Norton 7500 Series Surface Closer): Price range missing $ on second value
#   - Product 33 (Norton 8301 Concealed Overhead Closer): Price range missing $ on second value
#   - Product 34 (Schlage ND40S Entrance/Office Cylindrical Lock): Price range missing $ on second value
#   - Product 35 (Schlage ND53PD Entry Cylindrical Lock): Price range missing $ on second value
#   - Product 36 (Schlage AL70PD Classroom Cylindrical Lock): Price range missing $ on second value
#   - Product 37 (Schlage AL80PD Passage Cylindrical Lock): Price range missing $ on second value
#   - Product 38 (Schlage CO250 Exit Trim): Price range missing $ on second value
#   - Product 39 (Schlage L9000 Series Mortise Lock): Price range missing $ on second value
#   - Product 40 (Schlage L9040 Entrance Mortise Lock): Price range missing $ on second value
#   - Product 41 (Dorma 8000 Series Surface Closer): Price range missing $ on second value
#   - Product 42 (Dorma RTS85 Overhead Concealed Closer): Price range missing $ on second value
#   - Product 43 (Dorma TS93 Cam-Action Closer): Price range missing $ on second value
#   - Product 44 (Stanley QDC200 Surface Closer): Price range missing $ on second value
#   - Product 45 (Stanley QDC300 Overhead Concealed Closer): Price range missing $ on second value
#   - Product 46 (Jackson 5200 Series Surface Closer): Price range missing $ on second value
#   - Product 47 (Von Duprin 88 Series Rim Exit Device): Price range missing $ on second value
#   - Product 48 (Von Duprin 9927 Narrow Stile Exit Device): Price range missing $ on second value
#   - Product 49 (Von Duprin 22 Series Mortise Exit Device): Price range missing $ on second value
#   - Product 50 (Von Duprin 6200 Series Electric Exit Device): Price range missing $ on second value
#   - Product 51 (Corbin Russwin ED5200 Rim Exit Device): Price range missing $ on second value
#   - Product 52 (Corbin Russwin ED5400 Mortise Exit Device): Price range missing $ on second value
#   - Product 53 (Rockwood BF150 Pull Handle): Price range missing $ on second value
#   - Product 54 (Rockwood BF158 Pull Handle): Price range missing $ on second value
#   - Product 55 (Rockwood RP4 Raised Push Plate): Price range missing $ on second value
#   - Product 56 (Rockwood 450 Kick Plate): Price range missing $ on second value
#   - Product 57 (Rockwood 620 Mop Plate): Price range missing $ on second value
#   - Product 58 (Trimco 1220 Series Pull Handle): Price range missing $ on second value
#   - Product 59 (Trimco 1522 Series Push/Pull Plate): Price range missing $ on second value
#   - Product 60 (Glynn-Johnson 100 Series Overhead Stop): Price range missing $ on second value
#   - Product 61 (Glynn-Johnson 90 Series Overhead Holder): Price range missing $ on second value
#   - Product 62 (Rixson 27 Overhead Stop): Price range missing $ on second value
#   - Product 63 (Rixson 370 Floor Closer): Price range missing $ on second value
#   - Product 64 (Rixson 10 Pivot Set): Price range missing $ on second value
#   - Product 65 (McKinney TA2714 Ball Bearing Hinge): Price range missing $ on second value
#   - Product 66 (McKinney T4A3786 Electric Hinge): Price range missing $ on second value
#   - Product 67 (Stanley FBB179 Ball Bearing Hinge): Price range missing $ on second value
#   - Product 68 (Stanley CEFBB179 Electric Hinge): Price range missing $ on second value
#   - Product 69 (Stanley CBBB179 Continuous Hinge): Price range missing $ on second value
#   - Product 70 (Bommer 3029 Single Acting Pivot): Price range missing $ on second value
#   - Product 71 (Bommer 7811 Double Acting Pivot): Price range missing $ on second value
#   - Product 72 (National Guard 175 Threshold): Price range missing $ on second value
#   - Product 73 (National Guard 693L Automatic Door Bottom): Price range missing $ on second value
#   - Product 74 (Zero 780 Automatic Door Bottom): Price range missing $ on second value
#   - Product 75 (Zero 1700 Series Perimeter Seal): Price range missing $ on second value
#   - Product 76 (HES 9600 Series Folger Adam Compatible Strike): Price range missing $ on second value
#   - Product 77 (HES 5000C Cylindrical Lock Strike): Price range missing $ on second value
#   - Product 78 (Adams Rite 7400 Series Electric Strike): Price range missing $ on second value
#   - Product 79 (Adams Rite 7110 Solenoid Lock): Price range missing $ on second value
#   - Product 80 (Securitron M62 Electromagnetic Lock): Price range missing $ on second value
#   - Product 81 (Securitron M32 Electromagnetic Lock): Price range missing $ on second value
#   - Product 82 (Alarm Controls 600 Mag Lock): Price range missing $ on second value
#   - Product 83 (Don-Jo CW-1510 Edge Wrap Protector): Price range missing $ on second value
#   - Product 84 (Don-Jo 90 Door Edge Guard): Price range missing $ on second value
#   - Product 85 (Don-Jo RP-1412 Remodeler Plate): Price range missing $ on second value
#   - Product 86 (Ives FB450 Flush Bolt): Price range missing $ on second value
#   - Product 87 (Ives FB458 Automatic Flush Bolt): Price range missing $ on second value
#   - Product 88 (Ives 436B Roller Latch): Price range missing $ on second value
#   - Product 89 (Ives 315 Sliding Door Latch): Price range missing $ on second value
#   - Product 90 (Ives 8400 Series Kick Plate): Price range missing $ on second value
#   - Product 91 (Rockwood 580 Automatic Flush Bolt): Price range missing $ on second value
#   - Product 92 (Rockwood 585 Manual Flush Bolt): Price range missing $ on second value
#   - Product 93 (Hager 1450 Series Pocket Door Frame): Price range missing $ on second value
#   - Product 94 (Hager 1550 Soft Close Pocket Frame): Price range missing $ on second value
#   - Product 95 (Johnson 1500 Pocket Door Frame): Price range missing $ on second value
#   - Product 96 (Johnson 2000 Series Sliding Door Track): Price range missing $ on second value
#   - Product 97 (Hafele Slido Classic 80-P Sliding System): Price range missing $ on second value
#   - Product 98 (Rixson C28 Door Coordinator): Price range missing $ on second value
#   - Product 99 (Glynn-Johnson 60 Series Coordinator): Price range missing $ on second value
#   - Product 100 (Von Duprin 996L Exit Trim): Price range missing $ on second value
#   - Product 101 (Von Duprin 998 Exit Trim with Lever): Price range missing $ on second value
# (node:3840) ExperimentalWarning: SQLite is an experimental feature and might change at any time
# (Use `node --trace-warnings ...` to show where the warning was created)
# Subtest: a model is matched as a token, not inside a price or a longer number
ok 26 - a model is matched as a token, not inside a price or a longer number
  ---
  duration_ms: 1.612541
  type: 'test'
  ...
# Subtest: the best page is the one naming the model most, never the contents page
ok 27 - the best page is the one naming the model most, never the contents page
  ---
  duration_ms: 0.600625
  type: 'test'
  ...
# Subtest: the filed PDF is read in windows once, cached in R2, and searched
ok 28 - the filed PDF is read in windows once, cached in R2, and searched
  ---
  duration_ms: 20.675541
  type: 'test'
  ...
# Subtest: the packet cites the filed book's own page where the index was another edition, and cuts it from that file
ok 29 - the packet cites the filed book's own page where the index was another edition, and cuts it from that file
  ---
  duration_ms: 37.211875
  type: 'test'
  ...
# Subtest: a product whose catalogue model is too short is searched by the schedule's own number
ok 30 - a product whose catalogue model is too short is searched by the schedule's own number
  ---
  duration_ms: 0.199083
  type: 'test'
  ...
# Subtest: a model the catalogue does not list is found in the maker's own filed price book by the schedule's number
ok 31 - a model the catalogue does not list is found in the maker's own filed price book by the schedule's number
  ---
  duration_ms: 1.380292
  type: 'test'
  ...
# Subtest: an item the book prints in its own spelling or as a grid is cited from its price row's page, only when the filed PDF confirms it
ok 32 - an item the book prints in its own spelling or as a grid is cited from its price row's page, only when the filed PDF confirms it
  ---
  duration_ms: 17.086834
  type: 'test'
  ...
# Subtest: a price-book grid spelling finds its page: Von Duprin prints 99-EO as [98/99] . EO
ok 33 - a price-book grid spelling finds its page: Von Duprin prints 99-EO as [98/99] . EO
  ---
  duration_ms: 0.712417
  type: 'test'
  ...
# Subtest: an item named by the product's own number (Von Duprin 99) is cited from the first page that prices it; GJ 100S searches 100S before 100
ok 34 - an item named by the product's own number (Von Duprin 99) is cited from the first page that prices it; GJ 100S searches 100S before 100
  ---
  duration_ms: 1.682666
  type: 'test'
  ...
# [PRODUCT_DATABASE] Validation found 102 warnings:
#   - Product 0 (Schlage L9080P Passage Mortise Lock): Price range missing $ on second value
#   - Product 1 (Schlage L9050 Entry/Office Mortise Lock): Price range missing $ on second value
#   - Product 2 (Schlage L9070 Classroom Mortise Lock): Price range missing $ on second value
#   - Product 3 (Schlage L9453 Electrified Mortise Lock): Price range missing $ on second value
#   - Product 4 (Schlage ND80PD Passage Cylindrical Lock): Price range missing $ on second value
#   - Product 5 (Schlage ND70PD Classroom Cylindrical Lock): Price range missing $ on second value
#   - Product 6 (Schlage ND96PD Storeroom Cylindrical Lock): Price range missing $ on second value
#   - Product 7 (LCN 4110 Series Surface Closer): Price range missing $ on second value
#   - Product 8 (LCN 4040XP Hold Open Arm Surface Closer): Price range missing $ on second value
#   - Product 9 (LCN 8310 Series Concealed Overhead Closer): Price range missing $ on second value
#   - Product 10 (LCN 8310ME Multi-Electrical Closer): Price range missing $ on second value
#   - Product 11 (Ives 5BB1 Full Mortise Ball Bearing Hinge): Price range missing $ on second value
#   - Product 12 (Ives 5BB1HD Heavy Duty Ball Bearing Hinge): Price range missing $ on second value
#   - Product 13 (Ives BB1279 Continuous Hinge): Price range missing $ on second value
#   - Product 14 (Ives 622 Door Stop): Price range missing $ on second value
#   - Product 15 (Ives 632 Overhead Stop): Price range missing $ on second value
#   - Product 16 (Von Duprin 98 Series Rim Exit Device): Price range missing $ on second value
#   - Product 17 (Von Duprin 99 Series Surface Vertical Rod): Price range missing $ on second value
#   - Product 18 (Von Duprin 33A/35A Concealed Vertical Rod): Price range missing $ on second value
#   - Product 19 (Pemko 170 Series Threshold): Price range missing $ on second value
#   - Product 20 (Pemko 411 Series Automatic Door Bottom): Price range missing $ on second value
#   - Product 21 (Pemko 2005 Series Perimeter Gasketing): Price range missing $ on second value
#   - Product 22 (Hager BB1279 Continuous Hinge): Price range missing $ on second value
#   - Product 23 (Hager BB1168 Ball Bearing Hinge): Price range missing $ on second value
#   - Product 24 (Rockwood 70A Push Plate): Price range missing $ on second value
#   - Product 25 (Rockwood 111 Push/Pull Plate): Price range missing $ on second value
#   - Product 26 (Don-Jo LP-207 Latch Protector): Price range missing $ on second value
#   - Product 27 (Don-Jo SP-206 Security Stud): Price range missing $ on second value
#   - Product 28 (HES 1006 Series Electric Strike): Price range missing $ on second value
#   - Product 29 (HES 5000 Series Heavy Duty Electric Strike): Price range missing $ on second value
#   - Product 30 (Yale 8700 Series Rim Exit Device): Price range missing $ on second value
#   - Product 31 (Yale 8800 Series Surface Vertical Rod): Price range missing $ on second value
#   - Product 32 (Norton 7500 Series Surface Closer): Price range missing $ on second value
#   - Product 33 (Norton 8301 Concealed Overhead Closer): Price range missing $ on second value
#   - Product 34 (Schlage ND40S Entrance/Office Cylindrical Lock): Price range missing $ on second value
#   - Product 35 (Schlage ND53PD Entry Cylindrical Lock): Price range missing $ on second value
#   - Product 36 (Schlage AL70PD Classroom Cylindrical Lock): Price range missing $ on second value
#   - Product 37 (Schlage AL80PD Passage Cylindrical Lock): Price range missing $ on second value
#   - Product 38 (Schlage CO250 Exit Trim): Price range missing $ on second value
#   - Product 39 (Schlage L9000 Series Mortise Lock): Price range missing $ on second value
#   - Product 40 (Schlage L9040 Entrance Mortise Lock): Price range missing $ on second value
#   - Product 41 (Dorma 8000 Series Surface Closer): Price range missing $ on second value
#   - Product 42 (Dorma RTS85 Overhead Concealed Closer): Price range missing $ on second value
#   - Product 43 (Dorma TS93 Cam-Action Closer): Price range missing $ on second value
#   - Product 44 (Stanley QDC200 Surface Closer): Price range missing $ on second value
#   - Product 45 (Stanley QDC300 Overhead Concealed Closer): Price range missing $ on second value
#   - Product 46 (Jackson 5200 Series Surface Closer): Price range missing $ on second value
#   - Product 47 (Von Duprin 88 Series Rim Exit Device): Price range missing $ on second value
#   - Product 48 (Von Duprin 9927 Narrow Stile Exit Device): Price range missing $ on second value
#   - Product 49 (Von Duprin 22 Series Mortise Exit Device): Price range missing $ on second value
#   - Product 50 (Von Duprin 6200 Series Electric Exit Device): Price range missing $ on second value
#   - Product 51 (Corbin Russwin ED5200 Rim Exit Device): Price range missing $ on second value
#   - Product 52 (Corbin Russwin ED5400 Mortise Exit Device): Price range missing $ on second value
#   - Product 53 (Rockwood BF150 Pull Handle): Price range missing $ on second value
#   - Product 54 (Rockwood BF158 Pull Handle): Price range missing $ on second value
#   - Product 55 (Rockwood RP4 Raised Push Plate): Price range missing $ on second value
#   - Product 56 (Rockwood 450 Kick Plate): Price range missing $ on second value
#   - Product 57 (Rockwood 620 Mop Plate): Price range missing $ on second value
#   - Product 58 (Trimco 1220 Series Pull Handle): Price range missing $ on second value
#   - Product 59 (Trimco 1522 Series Push/Pull Plate): Price range missing $ on second value
#   - Product 60 (Glynn-Johnson 100 Series Overhead Stop): Price range missing $ on second value
#   - Product 61 (Glynn-Johnson 90 Series Overhead Holder): Price range missing $ on second value
#   - Product 62 (Rixson 27 Overhead Stop): Price range missing $ on second value
#   - Product 63 (Rixson 370 Floor Closer): Price range missing $ on second value
#   - Product 64 (Rixson 10 Pivot Set): Price range missing $ on second value
#   - Product 65 (McKinney TA2714 Ball Bearing Hinge): Price range missing $ on second value
#   - Product 66 (McKinney T4A3786 Electric Hinge): Price range missing $ on second value
#   - Product 67 (Stanley FBB179 Ball Bearing Hinge): Price range missing $ on second value
#   - Product 68 (Stanley CEFBB179 Electric Hinge): Price range missing $ on second value
#   - Product 69 (Stanley CBBB179 Continuous Hinge): Price range missing $ on second value
#   - Product 70 (Bommer 3029 Single Acting Pivot): Price range missing $ on second value
#   - Product 71 (Bommer 7811 Double Acting Pivot): Price range missing $ on second value
#   - Product 72 (National Guard 175 Threshold): Price range missing $ on second value
#   - Product 73 (National Guard 693L Automatic Door Bottom): Price range missing $ on second value
#   - Product 74 (Zero 780 Automatic Door Bottom): Price range missing $ on second value
#   - Product 75 (Zero 1700 Series Perimeter Seal): Price range missing $ on second value
#   - Product 76 (HES 9600 Series Folger Adam Compatible Strike): Price range missing $ on second value
#   - Product 77 (HES 5000C Cylindrical Lock Strike): Price range missing $ on second value
#   - Product 78 (Adams Rite 7400 Series Electric Strike): Price range missing $ on second value
#   - Product 79 (Adams Rite 7110 Solenoid Lock): Price range missing $ on second value
#   - Product 80 (Securitron M62 Electromagnetic Lock): Price range missing $ on second value
#   - Product 81 (Securitron M32 Electromagnetic Lock): Price range missing $ on second value
#   - Product 82 (Alarm Controls 600 Mag Lock): Price range missing $ on second value
#   - Product 83 (Don-Jo CW-1510 Edge Wrap Protector): Price range missing $ on second value
#   - Product 84 (Don-Jo 90 Door Edge Guard): Price range missing $ on second value
#   - Product 85 (Don-Jo RP-1412 Remodeler Plate): Price range missing $ on second value
#   - Product 86 (Ives FB450 Flush Bolt): Price range missing $ on second value
#   - Product 87 (Ives FB458 Automatic Flush Bolt): Price range missing $ on second value
#   - Product 88 (Ives 436B Roller Latch): Price range missing $ on second value
#   - Product 89 (Ives 315 Sliding Door Latch): Price range missing $ on second value
#   - Product 90 (Ives 8400 Series Kick Plate): Price range missing $ on second value
#   - Product 91 (Rockwood 580 Automatic Flush Bolt): Price range missing $ on second value
#   - Product 92 (Rockwood 585 Manual Flush Bolt): Price range missing $ on second value
#   - Product 93 (Hager 1450 Series Pocket Door Frame): Price range missing $ on second value
#   - Product 94 (Hager 1550 Soft Close Pocket Frame): Price range missing $ on second value
#   - Product 95 (Johnson 1500 Pocket Door Frame): Price range missing $ on second value
#   - Product 96 (Johnson 2000 Series Sliding Door Track): Price range missing $ on second value
#   - Product 97 (Hafele Slido Classic 80-P Sliding System): Price range missing $ on second value
#   - Product 98 (Rixson C28 Door Coordinator): Price range missing $ on second value
#   - Product 99 (Glynn-Johnson 60 Series Coordinator): Price range missing $ on second value
#   - Product 100 (Von Duprin 996L Exit Trim): Price range missing $ on second value
#   - Product 101 (Von Duprin 998 Exit Trim with Lever): Price range missing $ on second value
# (node:3841) ExperimentalWarning: SQLite is an experimental feature and might change at any time
# (Use `node --trace-warnings ...` to show where the warning was created)
# Subtest: cited pages: one page per product, sets merged, guesses and misses left out
ok 35 - cited pages: one page per product, sets merged, guesses and misses left out
  ---
  duration_ms: 3.377125
  type: 'test'
  ...
# [Assembler] Starting assembly for session s1
# [Assembler] Generating cover page...
# [Assembler] Found 2 hardware groups for assembly
# [Assembler] Generated set 1: 2 pages (2 components, 0 doors)
# [Assembler] Generated set 2: 2 pages (2 components, 0 doors)
# [Assembler] Generating table of contents...
# [Assembler] Merging all PDFs...
# [Assembler] Assembly complete: 7 pages, 5 sections
# [Assembler] Starting assembly for session s1
# [Assembler] Generating cover page...
# [Assembler] Found 2 hardware groups for assembly
# [Assembler] Generated set 1: 2 pages (2 components, 0 doors)
# [Assembler] Generated set 2: 2 pages (2 components, 0 doors)
# [Assembler] Generating table of contents...
# [Assembler] Merging all PDFs...
# [Assembler] Assembly complete: 7 pages, 5 sections
# [Assembler] Starting assembly for session s1
# [Assembler] Generating cover page...
# [Assembler] Found 2 hardware groups for assembly
# [Assembler] Generated set 1: 2 pages (2 components, 0 doors)
# [Assembler] Generated set 2: 2 pages (2 components, 0 doors)
# [Assembler] Generating table of contents...
# [Assembler] Merging all PDFs...
# [Assembler] Assembly complete: 6 pages, 4 sections
# [Embedded Door Schedule] session flag update failed (non-blocking): no such column: door_schedule_extracted
# [Embedded Door Schedule] session flag update failed (non-blocking): no such column: door_schedule_extracted
# [Embedded Door Schedule] session flag update failed (non-blocking): no such column: door_schedule_extracted
# [Embedded Door Schedule] session flag update failed (non-blocking): no such column: door_schedule_extracted
# Subtest: the packet embeds the cited page of a 300-page price book, not the book
ok 36 - the packet embeds the cited page of a 300-page price book, not the book
  ---
  duration_ms: 166.405625
  type: 'test'
  ...
# Subtest: every item without a page is listed in the packet with why and what is needed
ok 37 - every item without a page is listed in the packet with why and what is needed
  ---
  duration_ms: 18.963416
  type: 'test'
  ...
# Subtest: repeated marks across sheets keep every door; re-reading a sheet adds none
ok 38 - repeated marks across sheets keep every door; re-reading a sheet adds none
  ---
  duration_ms: 3.898708
  type: 'test'
  ...
# Subtest: a line another trade furnishes is listed as by others, not as a miss (Rockford BY DIVISION 28)
ok 39 - a line another trade furnishes is listed as by others, not as a miss (Rockford BY DIVISION 28)
  ---
  duration_ms: 0.563875
  type: 'test'
  ...
# Subtest: a maker's spec sheet for the one product is cited at page 1 when its number is not in the sheet's text (Select SL57)
ok 40 - a maker's spec sheet for the one product is cited at page 1 when its number is not in the sheet's text (Select SL57)
  ---
  duration_ms: 0.831625
  type: 'test'
  ...
# Subtest: a sell sheet that prints only the function code is cited at the page its title names (Schlage ALX80, p.4)
ok 41 - a sell sheet that prints only the function code is cited at the page its title names (Schlage ALX80, p.4)
  ---
  duration_ms: 0.697917
  type: 'test'
  ...
#   rockford doors: 65/65 rows, fields 100%
# Subtest: Rockford A2.2 (p.29): 65 doors from the text layer, fields right
ok 42 - Rockford A2.2 (p.29): 65 doors from the text layer, fields right
  ---
  duration_ms: 129.968334
  type: 'test'
  ...
#   rockford groups: 14/14, items 110/110, fields 100%
# Subtest: Rockford 087100 (pp.17-23): 14 hardware groups, their doors and items
ok 43 - Rockford 087100 (pp.17-23): 14 hardware groups, their doors and items
  ---
  duration_ms: 41.777125
  type: 'test'
  ...
#   berryessa doors: 24/24 rows, fields 100%
# Subtest: Berryessa A9.2 (pp.284, 286, 288): 24 doors from hairline-ruled blocks on a turned sheet
ok 44 - Berryessa A9.2 (pp.284, 286, 288): 24 doors from hairline-ruled blocks on a turned sheet
  ---
  duration_ms: 100.7975
  type: 'test'
  ...
#   berryessa groups: items 16/16, fields 100%
# Subtest: Berryessa 08 71 00 (p.282): two groups with no header line and no door list
ok 45 - Berryessa 08 71 00 (p.282): two groups with no header line and no door list
  ---
  duration_ms: 16.132792
  type: 'test'
  ...
#   christina set: items 21/23, fields 98.8% (01: AUTO DOOR OPERATOR DORMA 100 SERIES BY SECURITY VENDOR not found; 01: RELAY MODULE ALTRONTICS RB1224 BY SECURITY VENDOR not found; 01: VIDEO/INTERCOM STATION & CONSOLE w/ 5 RELEASE BUTTONS qty = 1)
# Subtest: Christina set 01 (p.219): a ruled set under a watermark, from the text (no rules in Node)
ok 46 - Christina set 01 (p.219): a ruled set under a watermark, from the text (no rules in Node)
  ---
  duration_ms: 30.942334
  type: 'test'
  ...
#   f0e863d88ea688ff.pdf: door 29 hardware 17,18,19,20,21,22,23 in 614 ms for 30 pages
#   dd339f57b51538ed.pdf: door 284,286,288 hardware 282 in 838 ms for 288 pages
#   525dc0b72011077a.pdf: door  hardware 219,220,221,222,223 in 1467 ms for 537 pages
# Subtest: page finder: the schedule pages of the three bid sets, by text
ok 47 - page finder: the schedule pages of the three bid sets, by text
  ---
  duration_ms: 2929.069125
  type: 'test'
  ...
# Subtest: size and dimension cells
ok 48 - size and dimension cells
  ---
  duration_ms: 0.1815
  type: 'test'
  ...
# [PRODUCT_DATABASE] Validation found 102 warnings:
#   - Product 0 (Schlage L9080P Passage Mortise Lock): Price range missing $ on second value
#   - Product 1 (Schlage L9050 Entry/Office Mortise Lock): Price range missing $ on second value
#   - Product 2 (Schlage L9070 Classroom Mortise Lock): Price range missing $ on second value
#   - Product 3 (Schlage L9453 Electrified Mortise Lock): Price range missing $ on second value
#   - Product 4 (Schlage ND80PD Passage Cylindrical Lock): Price range missing $ on second value
#   - Product 5 (Schlage ND70PD Classroom Cylindrical Lock): Price range missing $ on second value
#   - Product 6 (Schlage ND96PD Storeroom Cylindrical Lock): Price range missing $ on second value
#   - Product 7 (LCN 4110 Series Surface Closer): Price range missing $ on second value
#   - Product 8 (LCN 4040XP Hold Open Arm Surface Closer): Price range missing $ on second value
#   - Product 9 (LCN 8310 Series Concealed Overhead Closer): Price range missing $ on second value
#   - Product 10 (LCN 8310ME Multi-Electrical Closer): Price range missing $ on second value
#   - Product 11 (Ives 5BB1 Full Mortise Ball Bearing Hinge): Price range missing $ on second value
#   - Product 12 (Ives 5BB1HD Heavy Duty Ball Bearing Hinge): Price range missing $ on second value
#   - Product 13 (Ives BB1279 Continuous Hinge): Price range missing $ on second value
#   - Product 14 (Ives 622 Door Stop): Price range missing $ on second value
#   - Product 15 (Ives 632 Overhead Stop): Price range missing $ on second value
#   - Product 16 (Von Duprin 98 Series Rim Exit Device): Price range missing $ on second value
#   - Product 17 (Von Duprin 99 Series Surface Vertical Rod): Price range missing $ on second value
#   - Product 18 (Von Duprin 33A/35A Concealed Vertical Rod): Price range missing $ on second value
#   - Product 19 (Pemko 170 Series Threshold): Price range missing $ on second value
#   - Product 20 (Pemko 411 Series Automatic Door Bottom): Price range missing $ on second value
#   - Product 21 (Pemko 2005 Series Perimeter Gasketing): Price range missing $ on second value
#   - Product 22 (Hager BB1279 Continuous Hinge): Price range missing $ on second value
#   - Product 23 (Hager BB1168 Ball Bearing Hinge): Price range missing $ on second value
#   - Product 24 (Rockwood 70A Push Plate): Price range missing $ on second value
#   - Product 25 (Rockwood 111 Push/Pull Plate): Price range missing $ on second value
#   - Product 26 (Don-Jo LP-207 Latch Protector): Price range missing $ on second value
#   - Product 27 (Don-Jo SP-206 Security Stud): Price range missing $ on second value
#   - Product 28 (HES 1006 Series Electric Strike): Price range missing $ on second value
#   - Product 29 (HES 5000 Series Heavy Duty Electric Strike): Price range missing $ on second value
#   - Product 30 (Yale 8700 Series Rim Exit Device): Price range missing $ on second value
#   - Product 31 (Yale 8800 Series Surface Vertical Rod): Price range missing $ on second value
#   - Product 32 (Norton 7500 Series Surface Closer): Price range missing $ on second value
#   - Product 33 (Norton 8301 Concealed Overhead Closer): Price range missing $ on second value
#   - Product 34 (Schlage ND40S Entrance/Office Cylindrical Lock): Price range missing $ on second value
#   - Product 35 (Schlage ND53PD Entry Cylindrical Lock): Price range missing $ on second value
#   - Product 36 (Schlage AL70PD Classroom Cylindrical Lock): Price range missing $ on second value
#   - Product 37 (Schlage AL80PD Passage Cylindrical Lock): Price range missing $ on second value
#   - Product 38 (Schlage CO250 Exit Trim): Price range missing $ on second value
#   - Product 39 (Schlage L9000 Series Mortise Lock): Price range missing $ on second value
#   - Product 40 (Schlage L9040 Entrance Mortise Lock): Price range missing $ on second value
#   - Product 41 (Dorma 8000 Series Surface Closer): Price range missing $ on second value
#   - Product 42 (Dorma RTS85 Overhead Concealed Closer): Price range missing $ on second value
#   - Product 43 (Dorma TS93 Cam-Action Closer): Price range missing $ on second value
#   - Product 44 (Stanley QDC200 Surface Closer): Price range missing $ on second value
#   - Product 45 (Stanley QDC300 Overhead Concealed Closer): Price range missing $ on second value
#   - Product 46 (Jackson 5200 Series Surface Closer): Price range missing $ on second value
#   - Product 47 (Von Duprin 88 Series Rim Exit Device): Price range missing $ on second value
#   - Product 48 (Von Duprin 9927 Narrow Stile Exit Device): Price range missing $ on second value
#   - Product 49 (Von Duprin 22 Series Mortise Exit Device): Price range missing $ on second value
#   - Product 50 (Von Duprin 6200 Series Electric Exit Device): Price range missing $ on second value
#   - Product 51 (Corbin Russwin ED5200 Rim Exit Device): Price range missing $ on second value
#   - Product 52 (Corbin Russwin ED5400 Mortise Exit Device): Price range missing $ on second value
#   - Product 53 (Rockwood BF150 Pull Handle): Price range missing $ on second value
#   - Product 54 (Rockwood BF158 Pull Handle): Price range missing $ on second value
#   - Product 55 (Rockwood RP4 Raised Push Plate): Price range missing $ on second value
#   - Product 56 (Rockwood 450 Kick Plate): Price range missing $ on second value
#   - Product 57 (Rockwood 620 Mop Plate): Price range missing $ on second value
#   - Product 58 (Trimco 1220 Series Pull Handle): Price range missing $ on second value
#   - Product 59 (Trimco 1522 Series Push/Pull Plate): Price range missing $ on second value
#   - Product 60 (Glynn-Johnson 100 Series Overhead Stop): Price range missing $ on second value
#   - Product 61 (Glynn-Johnson 90 Series Overhead Holder): Price range missing $ on second value
#   - Product 62 (Rixson 27 Overhead Stop): Price range missing $ on second value
#   - Product 63 (Rixson 370 Floor Closer): Price range missing $ on second value
#   - Product 64 (Rixson 10 Pivot Set): Price range missing $ on second value
#   - Product 65 (McKinney TA2714 Ball Bearing Hinge): Price range missing $ on second value
#   - Product 66 (McKinney T4A3786 Electric Hinge): Price range missing $ on second value
#   - Product 67 (Stanley FBB179 Ball Bearing Hinge): Price range missing $ on second value
#   - Product 68 (Stanley CEFBB179 Electric Hinge): Price range missing $ on second value
#   - Product 69 (Stanley CBBB179 Continuous Hinge): Price range missing $ on second value
#   - Product 70 (Bommer 3029 Single Acting Pivot): Price range missing $ on second value
#   - Product 71 (Bommer 7811 Double Acting Pivot): Price range missing $ on second value
#   - Product 72 (National Guard 175 Threshold): Price range missing $ on second value
#   - Product 73 (National Guard 693L Automatic Door Bottom): Price range missing $ on second value
#   - Product 74 (Zero 780 Automatic Door Bottom): Price range missing $ on second value
#   - Product 75 (Zero 1700 Series Perimeter Seal): Price range missing $ on second value
#   - Product 76 (HES 9600 Series Folger Adam Compatible Strike): Price range missing $ on second value
#   - Product 77 (HES 5000C Cylindrical Lock Strike): Price range missing $ on second value
#   - Product 78 (Adams Rite 7400 Series Electric Strike): Price range missing $ on second value
#   - Product 79 (Adams Rite 7110 Solenoid Lock): Price range missing $ on second value
#   - Product 80 (Securitron M62 Electromagnetic Lock): Price range missing $ on second value
#   - Product 81 (Securitron M32 Electromagnetic Lock): Price range missing $ on second value
#   - Product 82 (Alarm Controls 600 Mag Lock): Price range missing $ on second value
#   - Product 83 (Don-Jo CW-1510 Edge Wrap Protector): Price range missing $ on second value
#   - Product 84 (Don-Jo 90 Door Edge Guard): Price range missing $ on second value
#   - Product 85 (Don-Jo RP-1412 Remodeler Plate): Price range missing $ on second value
#   - Product 86 (Ives FB450 Flush Bolt): Price range missing $ on second value
#   - Product 87 (Ives FB458 Automatic Flush Bolt): Price range missing $ on second value
#   - Product 88 (Ives 436B Roller Latch): Price range missing $ on second value
#   - Product 89 (Ives 315 Sliding Door Latch): Price range missing $ on second value
#   - Product 90 (Ives 8400 Series Kick Plate): Price range missing $ on second value
#   - Product 91 (Rockwood 580 Automatic Flush Bolt): Price range missing $ on second value
#   - Product 92 (Rockwood 585 Manual Flush Bolt): Price range missing $ on second value
#   - Product 93 (Hager 1450 Series Pocket Door Frame): Price range missing $ on second value
#   - Product 94 (Hager 1550 Soft Close Pocket Frame): Price range missing $ on second value
#   - Product 95 (Johnson 1500 Pocket Door Frame): Price range missing $ on second value
#   - Product 96 (Johnson 2000 Series Sliding Door Track): Price range missing $ on second value
#   - Product 97 (Hafele Slido Classic 80-P Sliding System): Price range missing $ on second value
#   - Product 98 (Rixson C28 Door Coordinator): Price range missing $ on second value
#   - Product 99 (Glynn-Johnson 60 Series Coordinator): Price range missing $ on second value
#   - Product 100 (Von Duprin 996L Exit Trim): Price range missing $ on second value
#   - Product 101 (Von Duprin 998 Exit Trim with Lever): Price range missing $ on second value
# (node:3843) ExperimentalWarning: SQLite is an experimental feature and might change at any time
# (Use `node --trace-warnings ...` to show where the warning was created)
# Subtest: sessions: your own only, demo clones marked; a guest is told to sign in, not refused
ok 49 - sessions: your own only, demo clones marked; a guest is told to sign in, not refused
  ---
  duration_ms: 27.885709
  type: 'test'
  ...
# Subtest: every session route refuses another account's session
ok 50 - every session route refuses another account's session
  ---
  duration_ms: 2.90225
  type: 'test'
  ...
# Subtest: doors and takeoff counts come from the stored rows; an unread size is not a size
ok 51 - doors and takeoff counts come from the stored rows; an unread size is not a size
  ---
  duration_ms: 9.040834
  type: 'test'
  ...
# Subtest: the uploaded PDF is served to its owner; the demo building has none
ok 52 - the uploaded PDF is served to its owner; the demo building has none
  ---
  duration_ms: 0.720125
  type: 'test'
  ...
# Subtest: a package is not built from a schedule nobody has read yet
ok 53 - a package is not built from a schedule nobody has read yet
  ---
  duration_ms: 0.507959
  type: 'test'
  ...
# Subtest: the package PDF of your own schedule needs the $100 offer or a plan
ok 54 - the package PDF of your own schedule needs the $100 offer or a plan
  ---
  duration_ms: 1.813916
  type: 'test'
  ...
# Subtest: a saved door sheet keeps pricing fields and asks for Section 08 71 00 before packet assembly
ok 55 - a saved door sheet keeps pricing fields and asks for Section 08 71 00 before packet assembly
  ---
  duration_ms: 0.888583
  type: 'test'
  ...
# Subtest: Rockford 08 71 00 pages 17-23 read from their text: 14 groups, 110 items, each page under 2 s
ok 56 - Rockford 08 71 00 pages 17-23 read from their text: 14 groups, 110 items, each page under 2 s
  ---
  duration_ms: 337.163708
  type: 'test'
  ...
# Subtest: Rockford A2.2 (p.29) asked as a door schedule: 65 doors from the text
ok 57 - Rockford A2.2 (p.29) asked as a door schedule: 65 doors from the text
  ---
  duration_ms: 63.121042
  type: 'test'
  ...
# Subtest: a page with no text layer is left to the browser and OCR path (null)
ok 58 - a page with no text layer is left to the browser and OCR path (null)
  ---
  duration_ms: 2.442542
  type: 'test'
  ...
# Subtest: an architect's correction typed as a FreeText annotation is read in its row (Berryessa A9.2 door 002, type B)
ok 59 - an architect's correction typed as a FreeText annotation is read in its row (Berryessa A9.2 door 002, type B)
  ---
  duration_ms: 113.476792
  type: 'test'
  ...
# Subtest: a guest upload is refused before KV, R2 or D1 are touched
ok 60 - a guest upload is refused before KV, R2 or D1 are touched
  ---
  duration_ms: 31.169416
  type: 'test'
  ...
1..60
# tests 60
# suites 0
# pass 60
# fail 0
# cancelled 0
# skipped 0
# todo 0
# duration_ms 3961.851833
