TAP version 13
# Subtest: door sizes in feet-inches are read, with or without the foot mark
ok 1 - door sizes in feet-inches are read, with or without the foot mark
  ---
  duration_ms: 1.46275
  ...
# Subtest: OCR misreads stay unread instead of becoming sizes no door has
ok 2 - OCR misreads stay unread instead of becoming sizes no door has
  ---
  duration_ms: 0.258125
  ...
# Subtest: plain inches count only when the row writes both dimensions that way
ok 3 - plain inches count only when the row writes both dimensions that way
  ---
  duration_ms: 0.067708
  ...
# Subtest: door thickness: the space lost in 1 3/4" is restored, impossible values are dropped
ok 4 - door thickness: the space lost in 1 3/4" is restored, impossible values are dropped
  ---
  duration_ms: 0.169084
  ...
# Subtest: a dimension with an unreduced or odd fraction is not a dimension
ok 5 - a dimension with an unreduced or odd fraction is not a dimension
  ---
  duration_ms: 0.065959
  ...
# Subtest: fire ratings: case, punctuation and the unit word normalised, the number kept as read
ok 6 - fire ratings: case, punctuation and the unit word normalised, the number kept as read
  ---
  duration_ms: 0.225917
  ...
# Subtest: door marks: a short code with a digit; section rows and noise are not doors
ok 7 - door marks: a short code with a digit; section rows and noise are not doors
  ---
  duration_ms: 0.283458
  ...
# Subtest: crossing row rules do not leave vertical fragments or erase nearby glyphs
ok 8 - crossing row rules do not leave vertical fragments or erase nearby glyphs
  ---
  duration_ms: 2.382042
  ...
# Subtest: the shared dimension reader accepts a dropped foot apostrophe without inventing digits
ok 9 - the shared dimension reader accepts a dropped foot apostrophe without inventing digits
  ---
  duration_ms: 0.705625
  ...
# Subtest: the shipped OCR modules and versioned entry points match source
ok 10 - the shipped OCR modules and versioned entry points match source
  ---
  duration_ms: 2.436709
  ...
# g019 scan evidence {"dpi":204,"rotation":270,"skew":0.6,"rows":48,"fields_right":330,"fields_total":336,"ms":21890}
# Subtest: sideways ARCH D image-only sheet reads the same 48 doors as vector through production OCR
ok 11 - sideways ARCH D image-only sheet reads the same 48 doors as vector through production OCR
  ---
  duration_ms: 21961.60125
  ...
1..11
# tests 11
# suites 0
# pass 11
# fail 0
# cancelled 0
# skipped 0
# todo 0
# duration_ms 22056.2385
